Archive member included to satisfy reference by file (symbol)

/usr/lib/gcc/arm-none-eabi/13.2.1/../../../arm-none-eabi/lib/thumb/v7-m/nofp/libg_nano.a(libc_a-init.o)
                              /usr/lib/gcc/arm-none-eabi/13.2.1/../../../arm-none-eabi/lib/thumb/v7-m/nofp/crt0.o (__libc_init_array)
/usr/lib/gcc/arm-none-eabi/13.2.1/../../../arm-none-eabi/lib/thumb/v7-m/nofp/libg_nano.a(libc_a-memset.o)
                              /usr/lib/gcc/arm-none-eabi/13.2.1/../../../arm-none-eabi/lib/thumb/v7-m/nofp/crt0.o (memset)
/usr/lib/gcc/arm-none-eabi/13.2.1/../../../arm-none-eabi/lib/thumb/v7-m/nofp/libg_nano.a(libc_a-errno.o)
                              CMakeFiles/Kamikazii.dir/Core/Src/sysmem.c.obj (__errno)
/usr/lib/gcc/arm-none-eabi/13.2.1/../../../arm-none-eabi/lib/thumb/v7-m/nofp/libg_nano.a(libc_a-exit.o)
                              /usr/lib/gcc/arm-none-eabi/13.2.1/../../../arm-none-eabi/lib/thumb/v7-m/nofp/crt0.o (exit)
/usr/lib/gcc/arm-none-eabi/13.2.1/../../../arm-none-eabi/lib/thumb/v7-m/nofp/libg_nano.a(libc_a-atexit.o)
                              /usr/lib/gcc/arm-none-eabi/13.2.1/../../../arm-none-eabi/lib/thumb/v7-m/nofp/crt0.o (atexit)
/usr/lib/gcc/arm-none-eabi/13.2.1/../../../arm-none-eabi/lib/thumb/v7-m/nofp/libg_nano.a(libc_a-fini.o)
                              /usr/lib/gcc/arm-none-eabi/13.2.1/../../../arm-none-eabi/lib/thumb/v7-m/nofp/crt0.o (__libc_fini_array)
/usr/lib/gcc/arm-none-eabi/13.2.1/../../../arm-none-eabi/lib/thumb/v7-m/nofp/libg_nano.a(libc_a-impure.o)
                              /usr/lib/gcc/arm-none-eabi/13.2.1/../../../arm-none-eabi/lib/thumb/v7-m/nofp/libg_nano.a(libc_a-errno.o) (_impure_ptr)
/usr/lib/gcc/arm-none-eabi/13.2.1/../../../arm-none-eabi/lib/thumb/v7-m/nofp/libg_nano.a(libc_a-findfp.o)
                              /usr/lib/gcc/arm-none-eabi/13.2.1/../../../arm-none-eabi/lib/thumb/v7-m/nofp/libg_nano.a(libc_a-exit.o) (__stdio_exit_handler)
/usr/lib/gcc/arm-none-eabi/13.2.1/../../../arm-none-eabi/lib/thumb/v7-m/nofp/libg_nano.a(libc_a-fflush.o)
                              /usr/lib/gcc/arm-none-eabi/13.2.1/../../../arm-none-eabi/lib/thumb/v7-m/nofp/libg_nano.a(libc_a-findfp.o) (_fflush_r)
/usr/lib/gcc/arm-none-eabi/13.2.1/../../../arm-none-eabi/lib/thumb/v7-m/nofp/libg_nano.a(libc_a-mallocr.o)
                              /usr/lib/gcc/arm-none-eabi/13.2.1/../../../arm-none-eabi/lib/thumb/v7-m/nofp/libg_nano.a(libc_a-findfp.o) (_malloc_r)
/usr/lib/gcc/arm-none-eabi/13.2.1/../../../arm-none-eabi/lib/thumb/v7-m/nofp/libg_nano.a(libc_a-freer.o)
                              /usr/lib/gcc/arm-none-eabi/13.2.1/../../../arm-none-eabi/lib/thumb/v7-m/nofp/libg_nano.a(libc_a-fflush.o) (_free_r)
/usr/lib/gcc/arm-none-eabi/13.2.1/../../../arm-none-eabi/lib/thumb/v7-m/nofp/libg_nano.a(libc_a-fwalk.o)
                              /usr/lib/gcc/arm-none-eabi/13.2.1/../../../arm-none-eabi/lib/thumb/v7-m/nofp/libg_nano.a(libc_a-findfp.o) (_fwalk_sglue)
/usr/lib/gcc/arm-none-eabi/13.2.1/../../../arm-none-eabi/lib/thumb/v7-m/nofp/libg_nano.a(libc_a-__atexit.o)
                              /usr/lib/gcc/arm-none-eabi/13.2.1/../../../arm-none-eabi/lib/thumb/v7-m/nofp/libg_nano.a(libc_a-atexit.o) (__register_exitproc)
/usr/lib/gcc/arm-none-eabi/13.2.1/../../../arm-none-eabi/lib/thumb/v7-m/nofp/libg_nano.a(libc_a-mlock.o)
                              /usr/lib/gcc/arm-none-eabi/13.2.1/../../../arm-none-eabi/lib/thumb/v7-m/nofp/libg_nano.a(libc_a-mallocr.o) (__malloc_lock)
/usr/lib/gcc/arm-none-eabi/13.2.1/../../../arm-none-eabi/lib/thumb/v7-m/nofp/libg_nano.a(libc_a-sbrkr.o)
                              /usr/lib/gcc/arm-none-eabi/13.2.1/../../../arm-none-eabi/lib/thumb/v7-m/nofp/libg_nano.a(libc_a-mallocr.o) (_sbrk_r)
/usr/lib/gcc/arm-none-eabi/13.2.1/../../../arm-none-eabi/lib/thumb/v7-m/nofp/libg_nano.a(libc_a-stdio.o)
                              /usr/lib/gcc/arm-none-eabi/13.2.1/../../../arm-none-eabi/lib/thumb/v7-m/nofp/libg_nano.a(libc_a-findfp.o) (__sread)
/usr/lib/gcc/arm-none-eabi/13.2.1/../../../arm-none-eabi/lib/thumb/v7-m/nofp/libg_nano.a(libc_a-closer.o)
                              /usr/lib/gcc/arm-none-eabi/13.2.1/../../../arm-none-eabi/lib/thumb/v7-m/nofp/libg_nano.a(libc_a-stdio.o) (_close_r)
/usr/lib/gcc/arm-none-eabi/13.2.1/../../../arm-none-eabi/lib/thumb/v7-m/nofp/libg_nano.a(libc_a-__call_atexit.o)
                              /usr/lib/gcc/arm-none-eabi/13.2.1/../../../arm-none-eabi/lib/thumb/v7-m/nofp/libg_nano.a(libc_a-__atexit.o) (__call_exitprocs)
/usr/lib/gcc/arm-none-eabi/13.2.1/../../../arm-none-eabi/lib/thumb/v7-m/nofp/libg_nano.a(libc_a-readr.o)
                              /usr/lib/gcc/arm-none-eabi/13.2.1/../../../arm-none-eabi/lib/thumb/v7-m/nofp/libg_nano.a(libc_a-stdio.o) (_read_r)
/usr/lib/gcc/arm-none-eabi/13.2.1/../../../arm-none-eabi/lib/thumb/v7-m/nofp/libg_nano.a(libc_a-reent.o)
                              /usr/lib/gcc/arm-none-eabi/13.2.1/../../../arm-none-eabi/lib/thumb/v7-m/nofp/libg_nano.a(libc_a-sbrkr.o) (errno)
[...]
Memory Configuration

Name             Origin             Length             Attributes
RAM              0x20000000         0x00005000         xrw
FLASH            0x08000000         0x00010000         xr
*default*        0x00000000         0xffffffff

Linker script and memory map

LOAD /usr/lib/gcc/arm-none-eabi/13.2.1/thumb/v7-m/nofp/crti.o
LOAD /usr/lib/gcc/arm-none-eabi/13.2.1/thumb/v7-m/nofp/crtbegin.o
LOAD /usr/lib/gcc/arm-none-eabi/13.2.1/../../../arm-none-eabi/lib/thumb/v7-m/nofp/crt0.o
LOAD CMakeFiles/Kamikazii.dir/Core/Src/main.c.obj
LOAD CMakeFiles/Kamikazii.dir/Core/Src/stm32f1xx_it.c.obj
LOAD CMakeFiles/Kamikazii.dir/Core/Src/stm32f1xx_hal_msp.c.obj
LOAD CMakeFiles/Kamikazii.dir/Core/Src/sysmem.c.obj
LOAD CMakeFiles/Kamikazii.dir/Core/Src/syscalls.c.obj
LOAD CMakeFiles/Kamikazii.dir/startup_stm32f103xb.s.obj
LOAD cmake/stm32cubemx/CMakeFiles/STM32_Drivers.dir/__/__/Core/Src/system_stm32f1xx.c.obj
LOAD cmake/stm32cubemx/CMakeFiles/STM32_Drivers.dir/__/__/Drivers/STM32F1xx_HAL_Driver/Src/stm32f1xx_hal_gpio_ex.c.obj
LOAD cmake/stm32cubemx/CMakeFiles/STM32_Drivers.dir/__/__/Drivers/STM32F1xx_HAL_Driver/Src/stm32f1xx_hal.c.obj
LOAD cmake/stm32cubemx/CMakeFiles/STM32_Drivers.dir/__/__/Drivers/STM32F1xx_HAL_Driver/Src/stm32f1xx_hal_rcc.c.obj
LOAD cmake/stm32cubemx/CMakeFiles/STM32_Drivers.dir/__/__/Drivers/STM32F1xx_HAL_Driver/Src/stm32f1xx_hal_rcc_ex.c.obj
LOAD cmake/stm32cubemx/CMakeFiles/STM32_Drivers.dir/__/__/Drivers/STM32F1xx_HAL_Driver/Src/stm32f1xx_hal_gpio.c.obj
LOAD cmake/stm32cubemx/CMakeFiles/STM32_Drivers.dir/__/__/Drivers/STM32F1xx_HAL_Driver/Src/stm32f1xx_hal_dma.c.obj
LOAD cmake/stm32cubemx/CMakeFiles/STM32_Drivers.dir/__/__/Drivers/STM32F1xx_HAL_Driver/Src/stm32f1xx_hal_cortex.c.obj
LOAD cmake/stm32cubemx/CMakeFiles/STM32_Drivers.dir/__/__/Drivers/STM32F1xx_HAL_Driver/Src/stm32f1xx_hal_pwr.c.obj
LOAD cmake/stm32cubemx/CMakeFiles/STM32_Drivers.dir/__/__/Drivers/STM32F1xx_HAL_Driver/Src/stm32f1xx_hal_flash.c.obj
LOAD cmake/stm32cubemx/CMakeFiles/STM32_Drivers.dir/__/__/Drivers/STM32F1xx_HAL_Driver/Src/stm32f1xx_hal_flash_ex.c.obj
LOAD cmake/stm32cubemx/CMakeFiles/STM32_Drivers.dir/__/__/Drivers/STM32F1xx_HAL_Driver/Src/stm32f1xx_hal_exti.c.obj
LOAD /usr/lib/gcc/arm-none-eabi/13.2.1/../../../arm-none-eabi/lib/thumb/v7-m/nofp/libm.a
START GROUP
LOAD /usr/lib/gcc/arm-none-eabi/13.2.1/thumb/v7-m/nofp/libgcc.a
LOAD /usr/lib/gcc/arm-none-eabi/13.2.1/../../../arm-none-eabi/lib/thumb/v7-m/nofp/libg_nano.a
LOAD /usr/lib/gcc/arm-none-eabi/13.2.1/../../../arm-none-eabi/lib/thumb/v7-m/nofp/libc_nano.a
END GROUP
START GROUP
LOAD /usr/lib/gcc/arm-none-eabi/13.2.1/thumb/v7-m/nofp/libgcc.a
LOAD /usr/lib/gcc/arm-none-eabi/13.2.1/../../../arm-none-eabi/lib/thumb/v7-m/nofp/libc_nano.a
END GROUP
LOAD /usr/lib/gcc/arm-none-eabi/13.2.1/thumb/v7-m/nofp/crtend.o
LOAD /usr/lib/gcc/arm-none-eabi/13.2.1/thumb/v7-m/nofp/crtn.o
                0x20005000                        _estack = (ORIGIN (RAM) + LENGTH (RAM))
                0x00000200                        _Min_Heap_Size = 0x200
                0x00000400                        _Min_Stack_Size = 0x400

.isr_vector     0x08000000      0x10c
                0x08000000                        . = ALIGN (0x4)
 *(.isr_vector)
 .isr_vector    0x08000000      0x10c CMakeFiles/Kamikazii.dir/startup_stm32f103xb.s.obj
                0x08000000                g_pfnVectors
                0x0800010c                        . = ALIGN (0x4)

.text           0x0800010c      0xd80
                0x0800010c                        . = ALIGN (0x4)
 *(.text)
 .text          0x0800010c       0x88 /usr/lib/gcc/arm-none-eabi/13.2.1/thumb/v7-m/nofp/crtbegin.o
 .text          0x08000194       0x50 /usr/lib/gcc/arm-none-eabi/13.2.1/../../../arm-none-eabi/lib/thumb/v7-m/nofp/libg_nano.a(libc_a-init.o)
                0x08000194                __libc_init_array
 .text          0x080001e4       0xa0 /usr/lib/gcc/arm-none-eabi/13.2.1/../../../arm-none-eabi/lib/thumb/v7-m/nofp/libg_nano.a(libc_a-memset.o)
                0x080001e4                memset
 *(.text*)
 .text.main     0x08000284       0x10 CMakeFiles/Kamikazii.dir/Core/Src/main.c.obj
                0x08000284                main
 .text.SystemClock_Config
                0x08000294       0x76 CMakeFiles/Kamikazii.dir/Core/Src/main.c.obj
                0x08000294                SystemClock_Config
 .text.Error_Handler
                0x0800030a        0xc CMakeFiles/Kamikazii.dir/Core/Src/main.c.obj
                0x0800030a                Error_Handler
 .text.NMI_Handler
                0x08000316        0x8 CMakeFiles/Kamikazii.dir/Core/Src/stm32f1xx_it.c.obj
                0x08000316                NMI_Handler
 .text.HardFault_Handler
                0x0800031e        0x8 CMakeFiles/Kamikazii.dir/Core/Src/stm32f1xx_it.c.obj
                0x0800031e                HardFault_Handler
 .text.MemManage_Handler
                0x08000326        0x8 CMakeFiles/Kamikazii.dir/Core/Src/stm32f1xx_it.c.obj
                0x08000326                MemManage_Handler
 .text.BusFault_Handler
                0x0800032e        0x8 CMakeFiles/Kamikazii.dir/Core/Src/stm32f1xx_it.c.obj
                0x0800032e                BusFault_Handler
 .text.UsageFault_Handler
                0x08000336        0x8 CMakeFiles/Kamikazii.dir/Core/Src/stm32f1xx_it.c.obj
                0x08000336                UsageFault_Handler
 .text.SVC_Handler
                0x0800033e        0xc CMakeFiles/Kamikazii.dir/Core/Src/stm32f1xx_it.c.obj
                0x0800033e                SVC_Handler
 .text.DebugMon_Handler
                0x0800034a        0xc CMakeFiles/Kamikazii.dir/Core/Src/stm32f1xx_it.c.obj
                0x0800034a                DebugMon_Handler
 .text.PendSV_Handler
                0x08000356        0xc CMakeFiles/Kamikazii.dir/Core/Src/stm32f1xx_it.c.obj
                0x08000356                PendSV_Handler
 .text.SysTick_Handler
                0x08000362        0xc CMakeFiles/Kamikazii.dir/Core/Src/stm32f1xx_it.c.obj
                0x08000362                SysTick_Handler
 *fill*         0x0800036e        0x2 
 .text.HAL_MspInit
                0x08000370       0x64 CMakeFiles/Kamikazii.dir/Core/Src/stm32f1xx_hal_msp.c.obj
                0x08000370                HAL_MspInit
 .text.Reset_Handler
                0x080003d4       0x48 CMakeFiles/Kamikazii.dir/startup_stm32f103xb.s.obj
                0x080003d4                Reset_Handler
 .text.Default_Handler
                0x0800041c        0x2 CMakeFiles/Kamikazii.dir/startup_stm32f103xb.s.obj
                0x0800041c                RTC_Alarm_IRQHandler
                0x0800041c                EXTI2_IRQHandler
                0x0800041c                TIM1_CC_IRQHandler
                0x0800041c                PVD_IRQHandler
                0x0800041c                EXTI3_IRQHandler
                0x0800041c                EXTI0_IRQHandler
                0x0800041c                I2C2_EV_IRQHandler
                0x0800041c                ADC1_2_IRQHandler
                0x0800041c                SPI1_IRQHandler
                0x0800041c                TAMPER_IRQHandler
                0x0800041c                DMA1_Channel4_IRQHandler
                0x0800041c                USART3_IRQHandler
                0x0800041c                RTC_IRQHandler
                0x0800041c                DMA1_Channel7_IRQHandler
                0x0800041c                CAN1_RX1_IRQHandler
                0x0800041c                TIM4_IRQHandler
                0x0800041c                I2C1_EV_IRQHandler
                0x0800041c                DMA1_Channel6_IRQHandler
                0x0800041c                TIM3_IRQHandler
                0x0800041c                RCC_IRQHandler
                0x0800041c                TIM1_TRG_COM_IRQHandler
                0x0800041c                DMA1_Channel1_IRQHandler
                0x0800041c                Default_Handler
                0x0800041c                EXTI15_10_IRQHandler
                0x0800041c                EXTI9_5_IRQHandler
                0x0800041c                SPI2_IRQHandler
                0x0800041c                DMA1_Channel5_IRQHandler
                0x0800041c                EXTI4_IRQHandler
                0x0800041c                USB_LP_CAN1_RX0_IRQHandler
                0x0800041c                USB_HP_CAN1_TX_IRQHandler
                0x0800041c                DMA1_Channel3_IRQHandler
                0x0800041c                TIM1_UP_IRQHandler
                0x0800041c                WWDG_IRQHandler
                0x0800041c                TIM2_IRQHandler
                0x0800041c                TIM1_BRK_IRQHandler
                0x0800041c                EXTI1_IRQHandler
                0x0800041c                USART2_IRQHandler
                0x0800041c                I2C2_ER_IRQHandler
                0x0800041c                DMA1_Channel2_IRQHandler
                0x0800041c                CAN1_SCE_IRQHandler
                0x0800041c                FLASH_IRQHandler
                0x0800041c                USART1_IRQHandler
                0x0800041c                I2C1_ER_IRQHandler
                0x0800041c                USBWakeUp_IRQHandler
 .text.SystemInit
                0x0800041e        0xc cmake/stm32cubemx/CMakeFiles/STM32_Drivers.dir/__/__/Core/Src/system_stm32f1xx.c.obj
                0x0800041e                SystemInit
 *fill*         0x0800042a        0x2 
 .text.HAL_Init
                0x0800042c       0x2c cmake/stm32cubemx/CMakeFiles/STM32_Drivers.dir/__/__/Drivers/STM32F1xx_HAL_Driver/Src/stm32f1xx_hal.c.obj
                0x0800042c                HAL_Init
 .text.HAL_InitTick
                0x08000458       0x60 cmake/stm32cubemx/CMakeFiles/STM32_Drivers.dir/__/__/Drivers/STM32F1xx_HAL_Driver/Src/stm32f1xx_hal.c.obj
                0x08000458                HAL_InitTick
 .text.HAL_IncTick
                0x080004b8       0x24 cmake/stm32cubemx/CMakeFiles/STM32_Drivers.dir/__/__/Drivers/STM32F1xx_HAL_Driver/Src/stm32f1xx_hal.c.obj
                0x080004b8                HAL_IncTick
 .text.HAL_GetTick
                0x080004dc       0x14 cmake/stm32cubemx/CMakeFiles/STM32_Drivers.dir/__/__/Drivers/STM32F1xx_HAL_Driver/Src/stm32f1xx_hal.c.obj
                0x080004dc                HAL_GetTick
 .text.HAL_RCC_OscConfig
                0x080004f0      0x504 cmake/stm32cubemx/CMakeFiles/STM32_Drivers.dir/__/__/Drivers/STM32F1xx_HAL_Driver/Src/stm32f1xx_hal_rcc.c.obj
                0x080004f0                HAL_RCC_OscConfig
 .text.HAL_RCC_ClockConfig
                0x080009f4      0x1d4 cmake/stm32cubemx/CMakeFiles/STM32_Drivers.dir/__/__/Drivers/STM32F1xx_HAL_Driver/Src/stm32f1xx_hal_rcc.c.obj
                0x080009f4                HAL_RCC_ClockConfig
 .text.HAL_RCC_GetSysClockFreq
                0x08000bc8       0xa8 cmake/stm32cubemx/CMakeFiles/STM32_Drivers.dir/__/__/Drivers/STM32F1xx_HAL_Driver/Src/stm32f1xx_hal_rcc.c.obj
                0x08000bc8                HAL_RCC_GetSysClockFreq
 .text.RCC_Delay
                0x08000c70       0x3c cmake/stm32cubemx/CMakeFiles/STM32_Drivers.dir/__/__/Drivers/STM32F1xx_HAL_Driver/Src/stm32f1xx_hal_rcc.c.obj
 .text.__NVIC_SetPriorityGrouping
                0x08000cac       0x48 cmake/stm32cubemx/CMakeFiles/STM32_Drivers.dir/__/__/Drivers/STM32F1xx_HAL_Driver/Src/stm32f1xx_hal_cortex.c.obj
 .text.__NVIC_GetPriorityGrouping
                0x08000cf4       0x1c cmake/stm32cubemx/CMakeFiles/STM32_Drivers.dir/__/__/Drivers/STM32F1xx_HAL_Driver/Src/stm32f1xx_hal_cortex.c.obj
 .text.__NVIC_SetPriority
                0x08000d10       0x54 cmake/stm32cubemx/CMakeFiles/STM32_Drivers.dir/__/__/Drivers/STM32F1xx_HAL_Driver/Src/stm32f1xx_hal_cortex.c.obj
 .text.NVIC_EncodePriority
                0x08000d64       0x64 cmake/stm32cubemx/CMakeFiles/STM32_Drivers.dir/__/__/Drivers/STM32F1xx_HAL_Driver/Src/stm32f1xx_hal_cortex.c.obj
 .text.SysTick_Config
                0x08000dc8       0x44 cmake/stm32cubemx/CMakeFiles/STM32_Drivers.dir/__/__/Drivers/STM32F1xx_HAL_Driver/Src/stm32f1xx_hal_cortex.c.obj
 .text.HAL_NVIC_SetPriorityGrouping
                0x08000e0c       0x16 cmake/stm32cubemx/CMakeFiles/STM32_Drivers.dir/__/__/Drivers/STM32F1xx_HAL_Driver/Src/stm32f1xx_hal_cortex.c.obj
                0x08000e0c                HAL_NVIC_SetPriorityGrouping
 .text.HAL_NVIC_SetPriority
                0x08000e22       0x38 cmake/stm32cubemx/CMakeFiles/STM32_Drivers.dir/__/__/Drivers/STM32F1xx_HAL_Driver/Src/stm32f1xx_hal_cortex.c.obj
                0x08000e22                HAL_NVIC_SetPriority
 .text.HAL_SYSTICK_Config
                0x08000e5a       0x18 cmake/stm32cubemx/CMakeFiles/STM32_Drivers.dir/__/__/Drivers/STM32F1xx_HAL_Driver/Src/stm32f1xx_hal_cortex.c.obj
                0x08000e5a                HAL_SYSTICK_Config
 *(.glue_7)
 .glue_7        0x08000e72        0x0 linker stubs
 *(.glue_7t)
 .glue_7t       0x08000e72        0x0 linker stubs
 *(.eh_frame)
 *fill*         0x08000e72        0x2 
 .eh_frame      0x08000e74        0x0 /usr/lib/gcc/arm-none-eabi/13.2.1/thumb/v7-m/nofp/crtbegin.o
 *(.init)
 .init          0x08000e74        0x4 /usr/lib/gcc/arm-none-eabi/13.2.1/thumb/v7-m/nofp/crti.o
                0x08000e74                _init
 .init          0x08000e78        0x8 /usr/lib/gcc/arm-none-eabi/13.2.1/thumb/v7-m/nofp/crtn.o
 *(.fini)
 .fini          0x08000e80        0x4 /usr/lib/gcc/arm-none-eabi/13.2.1/thumb/v7-m/nofp/crti.o
                0x08000e80                _fini
 .fini          0x08000e84        0x8 /usr/lib/gcc/arm-none-eabi/13.2.1/thumb/v7-m/nofp/crtn.o
                0x08000e8c                        . = ALIGN (0x4)
                0x08000e8c                        _etext = .

.vfp11_veneer   0x08000e8c        0x0
 .vfp11_veneer  0x08000e8c        0x0 linker stubs

.v4_bx          0x08000e8c        0x0
 .v4_bx         0x08000e8c        0x0 linker stubs

.iplt           0x08000e8c        0x0
 .iplt          0x08000e8c        0x0 /usr/lib/gcc/arm-none-eabi/13.2.1/thumb/v7-m/nofp/crtbegin.o

.rodata         0x08000e8c       0x24
                0x08000e8c                        . = ALIGN (0x4)
 *(.rodata)
 *(.rodata*)
 .rodata.AHBPrescTable
                0x08000e8c       0x10 cmake/stm32cubemx/CMakeFiles/STM32_Drivers.dir/__/__/Core/Src/system_stm32f1xx.c.obj
                0x08000e8c                AHBPrescTable
 .rodata.aPLLMULFactorTable.1
                0x08000e9c       0x10 cmake/stm32cubemx/CMakeFiles/STM32_Drivers.dir/__/__/Drivers/STM32F1xx_HAL_Driver/Src/stm32f1xx_hal_rcc.c.obj
 .rodata.aPredivFactorTable.0
                0x08000eac        0x2 cmake/stm32cubemx/CMakeFiles/STM32_Drivers.dir/__/__/Drivers/STM32F1xx_HAL_Driver/Src/stm32f1xx_hal_rcc.c.obj
                0x08000eb0                        . = ALIGN (0x4)
 *fill*         0x08000eae        0x2 

.ARM.extab      0x08000eb0        0x0
                0x08000eb0                        . = ALIGN (0x4)
 *(.ARM.extab* .gnu.linkonce.armextab.*)
                0x08000eb0                        . = ALIGN (0x4)

.ARM            0x08000eb0        0x0
                0x08000eb0                        . = ALIGN (0x4)
                0x08000eb0                        __exidx_start = .
 *(.ARM.exidx*)
                0x08000eb0                        __exidx_end = .
                0x08000eb0                        . = ALIGN (0x4)

.preinit_array  0x08000eb0        0x0
                0x08000eb0                        . = ALIGN (0x4)
                0x08000eb0                        PROVIDE (__preinit_array_start = .)
 *(.preinit_array*)
                0x08000eb0                        PROVIDE (__preinit_array_end = .)
                0x08000eb0                        . = ALIGN (0x4)

.init_array     0x08000eb0        0x4
                0x08000eb0                        . = ALIGN (0x4)
                0x08000eb0                        PROVIDE (__init_array_start = .)
 *(SORT_BY_NAME(.init_array.*))
 *(.init_array*)
 .init_array    0x08000eb0        0x4 /usr/lib/gcc/arm-none-eabi/13.2.1/thumb/v7-m/nofp/crtbegin.o
                0x08000eb4                        PROVIDE (__init_array_end = .)
                0x08000eb4                        . = ALIGN (0x4)

.fini_array     0x08000eb4        0x4
                0x08000eb4                        . = ALIGN (0x4)
                0x08000eb4                        PROVIDE (__fini_array_start = .)
 *(SORT_BY_NAME(.fini_array.*))
 *(.fini_array*)
 .fini_array    0x08000eb4        0x4 /usr/lib/gcc/arm-none-eabi/13.2.1/thumb/v7-m/nofp/crtbegin.o
                0x08000eb8                        PROVIDE (__fini_array_end = .)
                0x08000eb8                        . = ALIGN (0x4)
                0x08000eb8                        _sidata = LOADADDR (.data)

.rel.dyn        0x08000eb8        0x0
 .rel.iplt      0x08000eb8        0x0 /usr/lib/gcc/arm-none-eabi/13.2.1/thumb/v7-m/nofp/crtbegin.o

.data           0x20000000        0xc load address 0x08000eb8
                0x20000000                        . = ALIGN (0x4)
                0x20000000                        _sdata = .
 *(.data)
 *(.data*)
 .data.SystemCoreClock
                0x20000000        0x4 cmake/stm32cubemx/CMakeFiles/STM32_Drivers.dir/__/__/Core/Src/system_stm32f1xx.c.obj
                0x20000000                SystemCoreClock
 .data.uwTickPrio
                0x20000004        0x4 cmake/stm32cubemx/CMakeFiles/STM32_Drivers.dir/__/__/Drivers/STM32F1xx_HAL_Driver/Src/stm32f1xx_hal.c.obj
                0x20000004                uwTickPrio
 .data.uwTickFreq
                0x20000008        0x1 cmake/stm32cubemx/CMakeFiles/STM32_Drivers.dir/__/__/Drivers/STM32F1xx_HAL_Driver/Src/stm32f1xx_hal.c.obj
                0x20000008                uwTickFreq
 *(.RamFunc)
 *(.RamFunc*)
                0x2000000c                        . = ALIGN (0x4)
 *fill*         0x20000009        0x3 

.tm_clone_table
                0x2000000c        0x0 load address 0x08000ec4
 .tm_clone_table
                0x2000000c        0x0 /usr/lib/gcc/arm-none-eabi/13.2.1/thumb/v7-m/nofp/crtbegin.o
 .tm_clone_table
                0x2000000c        0x0 /usr/lib/gcc/arm-none-eabi/13.2.1/thumb/v7-m/nofp/crtend.o

.igot.plt       0x2000000c        0x0 load address 0x08000ec4
 .igot.plt      0x2000000c        0x0 /usr/lib/gcc/arm-none-eabi/13.2.1/thumb/v7-m/nofp/crtbegin.o

.tdata          0x2000000c        0x0 load address 0x08000ec4
 *(.tdata .tdata.* .gnu.linkonce.td.*)
                0x2000000c                        . = ALIGN (0x4)
                0x2000000c                        _edata = .
                [!provide]                        PROVIDE (__data_end = .)
                [!provide]                        PROVIDE (__tdata_end = .)
                [!provide]                        PROVIDE (__tdata_start = ADDR (.tdata))
                [!provide]                        PROVIDE (__tdata_size = (__tdata_end - __tdata_start))
                [!provide]                        PROVIDE (__data_start = ADDR (.data))
                [!provide]                        PROVIDE (__data_size = (__data_end - __data_start))
                [!provide]                        PROVIDE (__tdata_source = LOADADDR (.tdata))
                [!provide]                        PROVIDE (__tdata_source_end = (LOADADDR (.tdata) + SIZEOF (.tdata)))
                [!provide]                        PROVIDE (__tdata_source_size = (__tdata_source_end - __tdata_source))
                [!provide]                        PROVIDE (__data_source = LOADADDR (.data))
                [!provide]                        PROVIDE (__data_source_end = __tdata_source_end)
                [!provide]                        PROVIDE (__data_source_size = (__data_source_end - __data_source))

.tbss           0x2000000c        0x0 load address 0x08000ec4
                0x2000000c                        _sbss = .
                0x2000000c                        __bss_start__ = _sbss
 *(.tbss .tbss.*)
                0x2000000c                        . = ALIGN (0x4)
                [!provide]                        PROVIDE (__tbss_end = .)
                [!provide]                        PROVIDE (__tbss_start = ADDR (.tbss))
                [!provide]                        PROVIDE (__tbss_size = (__tbss_end - __tbss_start))
                [!provide]                        PROVIDE (__tbss_offset = (ADDR (.tbss) - ADDR (.tdata)))
                [!provide]                        PROVIDE (__tls_base = __tdata_start)
                [!provide]                        PROVIDE (__tls_end = __tbss_end)
                [!provide]                        PROVIDE (__tls_size = (__tls_end - __tls_base))
                [!provide]                        PROVIDE (__tls_align = MAX (ALIGNOF (.tdata), ALIGNOF (.tbss)))
                [!provide]                        PROVIDE (__tls_size_align = (((__tls_size + __tls_align) - 0x1) & ~ ((__tls_align - 0x1))))
                [!provide]                        PROVIDE (__arm32_tls_tcb_offset = MAX (0x8, __tls_align))
                [!provide]                        PROVIDE (__arm64_tls_tcb_offset = MAX (0x10, __tls_align))

.bss            0x2000000c       0x20 load address 0x08000ec4
 *(.bss)
 .bss           0x2000000c       0x1c /usr/lib/gcc/arm-none-eabi/13.2.1/thumb/v7-m/nofp/crtbegin.o
 *(.bss*)
 .bss.uwTick    0x20000028        0x4 cmake/stm32cubemx/CMakeFiles/STM32_Drivers.dir/__/__/Drivers/STM32F1xx_HAL_Driver/Src/stm32f1xx_hal.c.obj
                0x20000028                uwTick
 *(COMMON)
                0x2000002c                        . = ALIGN (0x4)
                0x2000002c                        _ebss = .
                0x2000002c                        __bss_end__ = _ebss
                [!provide]                        PROVIDE (__bss_end = .)
                [!provide]                        PROVIDE (__non_tls_bss_start = ADDR (.bss))
                [!provide]                        PROVIDE (__bss_start = __tbss_start)
                [!provide]                        PROVIDE (__bss_size = (__bss_end - __bss_start))

._user_heap_stack
                0x2000002c      0x604 load address 0x08000ec4
                0x20000030                        . = ALIGN (0x8)
 *fill*         0x2000002c        0x4 
                [!provide]                        PROVIDE (end = .)
                0x20000030                        PROVIDE (_end = .)
                0x20000230                        . = (. + _Min_Heap_Size)
 *fill*         0x20000030      0x200 
                0x20000630                        . = (. + _Min_Stack_Size)
 *fill*         0x20000230      0x400 
                0x20000630                        . = ALIGN (0x8)

/DISCARD/
 libc.a:*(*)
 libm.a:*(*)
 libgcc.a:*(*)
OUTPUT(Kamikazii.elf elf32-littlearm)
LOAD linker stubs

.ARM.attributes
                0x00000000       0x29
 .ARM.attributes
                0x00000000       0x1d /usr/lib/gcc/arm-none-eabi/13.2.1/thumb/v7-m/nofp/crti.o
 .ARM.attributes
                0x0000001d       0x2d /usr/lib/gcc/arm-none-eabi/13.2.1/thumb/v7-m/nofp/crtbegin.o
 .ARM.attributes
                0x0000004a       0x2d CMakeFiles/Kamikazii.dir/Core/Src/main.c.obj
 .ARM.attributes
                0x00000077       0x2d CMakeFiles/Kamikazii.dir/Core/Src/stm32f1xx_it.c.obj
 .ARM.attributes
                0x000000a4       0x2d CMakeFiles/Kamikazii.dir/Core/Src/stm32f1xx_hal_msp.c.obj
 .ARM.attributes
                0x000000d1       0x21 CMakeFiles/Kamikazii.dir/startup_stm32f103xb.s.obj
 .ARM.attributes
                0x000000f2       0x2d cmake/stm32cubemx/CMakeFiles/STM32_Drivers.dir/__/__/Core/Src/system_stm32f1xx.c.obj
 .ARM.attributes
                0x0000011f       0x2d cmake/stm32cubemx/CMakeFiles/STM32_Drivers.dir/__/__/Drivers/STM32F1xx_HAL_Driver/Src/stm32f1xx_hal.c.obj
 .ARM.attributes
                0x0000014c       0x2d cmake/stm32cubemx/CMakeFiles/STM32_Drivers.dir/__/__/Drivers/STM32F1xx_HAL_Driver/Src/stm32f1xx_hal_rcc.c.obj
 .ARM.attributes
                0x00000179       0x2d cmake/stm32cubemx/CMakeFiles/STM32_Drivers.dir/__/__/Drivers/STM32F1xx_HAL_Driver/Src/stm32f1xx_hal_cortex.c.obj
 .ARM.attributes
                0x000001a6       0x2d /usr/lib/gcc/arm-none-eabi/13.2.1/../../../arm-none-eabi/lib/thumb/v7-m/nofp/libg_nano.a(libc_a-init.o)
 .ARM.attributes
                0x000001d3       0x2d /usr/lib/gcc/arm-none-eabi/13.2.1/../../../arm-none-eabi/lib/thumb/v7-m/nofp/libg_nano.a(libc_a-memset.o)
 .ARM.attributes
                0x00000200       0x2d /usr/lib/gcc/arm-none-eabi/13.2.1/thumb/v7-m/nofp/crtend.o
 .ARM.attributes
                0x0000022d       0x1d /usr/lib/gcc/arm-none-eabi/13.2.1/thumb/v7-m/nofp/crtn.o

.comment        0x00000000       0x26
 .comment       0x00000000       0x26 /usr/lib/gcc/arm-none-eabi/13.2.1/thumb/v7-m/nofp/crtbegin.o
                                 0x27 (size before relaxing)
 .comment       0x00000026       0x27 CMakeFiles/Kamikazii.dir/Core/Src/main.c.obj
 .comment       0x00000026       0x27 CMakeFiles/Kamikazii.dir/Core/Src/stm32f1xx_it.c.obj
 .comment       0x00000026       0x27 CMakeFiles/Kamikazii.dir/Core/Src/stm32f1xx_hal_msp.c.obj
 .comment       0x00000026       0x27 cmake/stm32cubemx/CMakeFiles/STM32_Drivers.dir/__/__/Core/Src/system_stm32f1xx.c.obj
 .comment       0x00000026       0x27 cmake/stm32cubemx/CMakeFiles/STM32_Drivers.dir/__/__/Drivers/STM32F1xx_HAL_Driver/Src/stm32f1xx_hal.c.obj
 .comment       0x00000026       0x27 cmake/stm32cubemx/CMakeFiles/STM32_Drivers.dir/__/__/Drivers/STM32F1xx_HAL_Driver/Src/stm32f1xx_hal_rcc.c.obj
 .comment       0x00000026       0x27 cmake/stm32cubemx/CMakeFiles/STM32_Drivers.dir/__/__/Drivers/STM32F1xx_HAL_Driver/Src/stm32f1xx_hal_cortex.c.obj
 .comment       0x00000026       0x27 /usr/lib/gcc/arm-none-eabi/13.2.1/../../../arm-none-eabi/lib/thumb/v7-m/nofp/libg_nano.a(libc_a-init.o)
 .comment       0x00000026       0x27 /usr/lib/gcc/arm-none-eabi/13.2.1/../../../arm-none-eabi/lib/thumb/v7-m/nofp/libg_nano.a(libc_a-memset.o)
 .comment       0x00000026       0x27 /usr/lib/gcc/arm-none-eabi/13.2.1/thumb/v7-m/nofp/crtend.o

.debug_info     0x00000000     0x22f2
 .debug_info    0x00000000      0x276 CMakeFiles/Kamikazii.dir/Core/Src/main.c.obj
 .debug_info    0x00000276      0x113 CMakeFiles/Kamikazii.dir/Core/Src/stm32f1xx_it.c.obj
 .debug_info    0x00000389      0x1e5 CMakeFiles/Kamikazii.dir/Core/Src/stm32f1xx_hal_msp.c.obj
 .debug_info    0x0000056e       0x30 CMakeFiles/Kamikazii.dir/startup_stm32f103xb.s.obj
 .debug_info    0x0000059e      0x208 cmake/stm32cubemx/CMakeFiles/STM32_Drivers.dir/__/__/Core/Src/system_stm32f1xx.c.obj
 .debug_info    0x000007a6      0x6f8 cmake/stm32cubemx/CMakeFiles/STM32_Drivers.dir/__/__/Drivers/STM32F1xx_HAL_Driver/Src/stm32f1xx_hal.c.obj
 .debug_info    0x00000e9e      0x7b1 cmake/stm32cubemx/CMakeFiles/STM32_Drivers.dir/__/__/Drivers/STM32F1xx_HAL_Driver/Src/stm32f1xx_hal_rcc.c.obj
 .debug_info    0x0000164f      0xa63 cmake/stm32cubemx/CMakeFiles/STM32_Drivers.dir/__/__/Drivers/STM32F1xx_HAL_Driver/Src/stm32f1xx_hal_cortex.c.obj
 .debug_info    0x000020b2      0x10b /usr/lib/gcc/arm-none-eabi/13.2.1/../../../arm-none-eabi/lib/thumb/v7-m/nofp/libg_nano.a(libc_a-init.o)
 .debug_info    0x000021bd      0x135 /usr/lib/gcc/arm-none-eabi/13.2.1/../../../arm-none-eabi/lib/thumb/v7-m/nofp/libg_nano.a(libc_a-memset.o)

.debug_abbrev   0x00000000      0xd3c
 .debug_abbrev  0x00000000      0x15e CMakeFiles/Kamikazii.dir/Core/Src/main.c.obj
 .debug_abbrev  0x0000015e       0x73 CMakeFiles/Kamikazii.dir/Core/Src/stm32f1xx_it.c.obj
 .debug_abbrev  0x000001d1       0xdb CMakeFiles/Kamikazii.dir/Core/Src/stm32f1xx_hal_msp.c.obj
 .debug_abbrev  0x000002ac       0x24 CMakeFiles/Kamikazii.dir/startup_stm32f103xb.s.obj
 .debug_abbrev  0x000002d0      0x140 cmake/stm32cubemx/CMakeFiles/STM32_Drivers.dir/__/__/Core/Src/system_stm32f1xx.c.obj
 .debug_abbrev  0x00000410      0x201 cmake/stm32cubemx/CMakeFiles/STM32_Drivers.dir/__/__/Drivers/STM32F1xx_HAL_Driver/Src/stm32f1xx_hal.c.obj
 .debug_abbrev  0x00000611      0x2b3 cmake/stm32cubemx/CMakeFiles/STM32_Drivers.dir/__/__/Drivers/STM32F1xx_HAL_Driver/Src/stm32f1xx_hal_rcc.c.obj
 .debug_abbrev  0x000008c4      0x2f8 cmake/stm32cubemx/CMakeFiles/STM32_Drivers.dir/__/__/Drivers/STM32F1xx_HAL_Driver/Src/stm32f1xx_hal_cortex.c.obj
 .debug_abbrev  0x00000bbc       0xc9 /usr/lib/gcc/arm-none-eabi/13.2.1/../../../arm-none-eabi/lib/thumb/v7-m/nofp/libg_nano.a(libc_a-init.o)
 .debug_abbrev  0x00000c85       0xb7 /usr/lib/gcc/arm-none-eabi/13.2.1/../../../arm-none-eabi/lib/thumb/v7-m/nofp/libg_nano.a(libc_a-memset.o)

.debug_aranges  0x00000000      0x3b0
 .debug_aranges
                0x00000000       0x30 CMakeFiles/Kamikazii.dir/Core/Src/main.c.obj
 .debug_aranges
                0x00000030       0x60 CMakeFiles/Kamikazii.dir/Core/Src/stm32f1xx_it.c.obj
 .debug_aranges
                0x00000090       0x20 CMakeFiles/Kamikazii.dir/Core/Src/stm32f1xx_hal_msp.c.obj
 .debug_aranges
                0x000000b0       0x28 CMakeFiles/Kamikazii.dir/startup_stm32f103xb.s.obj
 .debug_aranges
                0x000000d8       0x28 cmake/stm32cubemx/CMakeFiles/STM32_Drivers.dir/__/__/Core/Src/system_stm32f1xx.c.obj
 .debug_aranges
                0x00000100       0xe0 cmake/stm32cubemx/CMakeFiles/STM32_Drivers.dir/__/__/Drivers/STM32F1xx_HAL_Driver/Src/stm32f1xx_hal.c.obj
 .debug_aranges
                0x000001e0       0x90 cmake/stm32cubemx/CMakeFiles/STM32_Drivers.dir/__/__/Drivers/STM32F1xx_HAL_Driver/Src/stm32f1xx_hal_rcc.c.obj
 .debug_aranges
                0x00000270      0x100 cmake/stm32cubemx/CMakeFiles/STM32_Drivers.dir/__/__/Drivers/STM32F1xx_HAL_Driver/Src/stm32f1xx_hal_cortex.c.obj
 .debug_aranges
                0x00000370       0x20 /usr/lib/gcc/arm-none-eabi/13.2.1/../../../arm-none-eabi/lib/thumb/v7-m/nofp/libg_nano.a(libc_a-init.o)
 .debug_aranges
                0x00000390       0x20 /usr/lib/gcc/arm-none-eabi/13.2.1/../../../arm-none-eabi/lib/thumb/v7-m/nofp/libg_nano.a(libc_a-memset.o)

.debug_rnglists
                0x00000000      0x272
 .debug_rnglists
                0x00000000       0x1f CMakeFiles/Kamikazii.dir/Core/Src/main.c.obj
 .debug_rnglists
                0x0000001f       0x43 CMakeFiles/Kamikazii.dir/Core/Src/stm32f1xx_it.c.obj
 .debug_rnglists
                0x00000062       0x13 CMakeFiles/Kamikazii.dir/Core/Src/stm32f1xx_hal_msp.c.obj
 .debug_rnglists
                0x00000075       0x19 CMakeFiles/Kamikazii.dir/startup_stm32f103xb.s.obj
 .debug_rnglists
                0x0000008e       0x1a cmake/stm32cubemx/CMakeFiles/STM32_Drivers.dir/__/__/Core/Src/system_stm32f1xx.c.obj
 .debug_rnglists
                0x000000a8       0xa3 cmake/stm32cubemx/CMakeFiles/STM32_Drivers.dir/__/__/Drivers/STM32F1xx_HAL_Driver/Src/stm32f1xx_hal.c.obj
 .debug_rnglists
                0x0000014b       0x6c cmake/stm32cubemx/CMakeFiles/STM32_Drivers.dir/__/__/Drivers/STM32F1xx_HAL_Driver/Src/stm32f1xx_hal_rcc.c.obj
 .debug_rnglists
                0x000001b7       0xbb cmake/stm32cubemx/CMakeFiles/STM32_Drivers.dir/__/__/Drivers/STM32F1xx_HAL_Driver/Src/stm32f1xx_hal_cortex.c.obj

.debug_macro    0x00000000    0x15465
 .debug_macro   0x00000000      0x145 CMakeFiles/Kamikazii.dir/Core/Src/main.c.obj
 .debug_macro   0x00000145      0xacc CMakeFiles/Kamikazii.dir/Core/Src/main.c.obj
 .debug_macro   0x00000c11      0x209 CMakeFiles/Kamikazii.dir/Core/Src/main.c.obj
 .debug_macro   0x00000e1a       0x2e CMakeFiles/Kamikazii.dir/Core/Src/main.c.obj
 .debug_macro   0x00000e48       0x22 CMakeFiles/Kamikazii.dir/Core/Src/main.c.obj
 .debug_macro   0x00000e6a      0x34e CMakeFiles/Kamikazii.dir/Core/Src/main.c.obj
 .debug_macro   0x000011b8       0x1c CMakeFiles/Kamikazii.dir/Core/Src/main.c.obj
 .debug_macro   0x000011d4       0x22 CMakeFiles/Kamikazii.dir/Core/Src/main.c.obj
 .debug_macro   0x000011f6       0xbd CMakeFiles/Kamikazii.dir/Core/Src/main.c.obj
 .debug_macro   0x000012b3      0xd23 CMakeFiles/Kamikazii.dir/Core/Src/main.c.obj
 .debug_macro   0x00001fd6     0xe09e CMakeFiles/Kamikazii.dir/Core/Src/main.c.obj
 .debug_macro   0x00010074       0x6d CMakeFiles/Kamikazii.dir/Core/Src/main.c.obj
 .debug_macro   0x000100e1     0x34a2 CMakeFiles/Kamikazii.dir/Core/Src/main.c.obj
 .debug_macro   0x00013583      0x190 CMakeFiles/Kamikazii.dir/Core/Src/main.c.obj
 .debug_macro   0x00013713       0x5c CMakeFiles/Kamikazii.dir/Core/Src/main.c.obj
 .debug_macro   0x0001376f      0x5bc CMakeFiles/Kamikazii.dir/Core/Src/main.c.obj
 .debug_macro   0x00013d2b      0x289 CMakeFiles/Kamikazii.dir/Core/Src/main.c.obj
 .debug_macro   0x00013fb4      0x1cb CMakeFiles/Kamikazii.dir/Core/Src/main.c.obj
 .debug_macro   0x0001417f      0x114 CMakeFiles/Kamikazii.dir/Core/Src/main.c.obj
 .debug_macro   0x00014293      0x1b2 CMakeFiles/Kamikazii.dir/Core/Src/main.c.obj
 .debug_macro   0x00014445       0x27 CMakeFiles/Kamikazii.dir/Core/Src/main.c.obj
 .debug_macro   0x0001446c      0x136 CMakeFiles/Kamikazii.dir/Core/Src/main.c.obj
 .debug_macro   0x000145a2      0x1bc CMakeFiles/Kamikazii.dir/Core/Src/main.c.obj
 .debug_macro   0x0001475e       0x34 CMakeFiles/Kamikazii.dir/Core/Src/main.c.obj
 .debug_macro   0x00014792       0x3c CMakeFiles/Kamikazii.dir/Core/Src/main.c.obj
 .debug_macro   0x000147ce       0x57 CMakeFiles/Kamikazii.dir/Core/Src/main.c.obj
 .debug_macro   0x00014825       0x87 CMakeFiles/Kamikazii.dir/Core/Src/main.c.obj
 .debug_macro   0x000148ac      0x240 CMakeFiles/Kamikazii.dir/Core/Src/main.c.obj
 .debug_macro   0x00014aec      0x140 CMakeFiles/Kamikazii.dir/Core/Src/main.c.obj
 .debug_macro   0x00014c2c       0x83 CMakeFiles/Kamikazii.dir/Core/Src/main.c.obj
 .debug_macro   0x00014caf      0x14f CMakeFiles/Kamikazii.dir/Core/Src/stm32f1xx_it.c.obj
 .debug_macro   0x00014dfe      0x145 CMakeFiles/Kamikazii.dir/Core/Src/stm32f1xx_hal_msp.c.obj
 .debug_macro   0x00014f43      0x13b cmake/stm32cubemx/CMakeFiles/STM32_Drivers.dir/__/__/Core/Src/system_stm32f1xx.c.obj
 .debug_macro   0x0001507e      0x15f cmake/stm32cubemx/CMakeFiles/STM32_Drivers.dir/__/__/Drivers/STM32F1xx_HAL_Driver/Src/stm32f1xx_hal.c.obj
 .debug_macro   0x000151dd      0x14d cmake/stm32cubemx/CMakeFiles/STM32_Drivers.dir/__/__/Drivers/STM32F1xx_HAL_Driver/Src/stm32f1xx_hal_rcc.c.obj
 .debug_macro   0x0001532a      0x13b cmake/stm32cubemx/CMakeFiles/STM32_Drivers.dir/__/__/Drivers/STM32F1xx_HAL_Driver/Src/stm32f1xx_hal_cortex.c.obj

.debug_line     0x00000000     0x365d
 .debug_line    0x00000000      0x560 CMakeFiles/Kamikazii.dir/Core/Src/main.c.obj
 .debug_line    0x00000560      0x5ad CMakeFiles/Kamikazii.dir/Core/Src/stm32f1xx_it.c.obj
 .debug_line    0x00000b0d      0x4ff CMakeFiles/Kamikazii.dir/Core/Src/stm32f1xx_hal_msp.c.obj
 .debug_line    0x0000100c       0x78 CMakeFiles/Kamikazii.dir/startup_stm32f103xb.s.obj
 .debug_line    0x00001084      0x57d cmake/stm32cubemx/CMakeFiles/STM32_Drivers.dir/__/__/Core/Src/system_stm32f1xx.c.obj
 .debug_line    0x00001601      0x7ae cmake/stm32cubemx/CMakeFiles/STM32_Drivers.dir/__/__/Drivers/STM32F1xx_HAL_Driver/Src/stm32f1xx_hal.c.obj
 .debug_line    0x00001daf      0xc67 cmake/stm32cubemx/CMakeFiles/STM32_Drivers.dir/__/__/Drivers/STM32F1xx_HAL_Driver/Src/stm32f1xx_hal_rcc.c.obj
 .debug_line    0x00002a16      0x978 cmake/stm32cubemx/CMakeFiles/STM32_Drivers.dir/__/__/Drivers/STM32F1xx_HAL_Driver/Src/stm32f1xx_hal_cortex.c.obj
 .debug_line    0x0000338e      0x11e /usr/lib/gcc/arm-none-eabi/13.2.1/../../../arm-none-eabi/lib/thumb/v7-m/nofp/libg_nano.a(libc_a-init.o)
 .debug_line    0x000034ac      0x1b1 /usr/lib/gcc/arm-none-eabi/13.2.1/../../../arm-none-eabi/lib/thumb/v7-m/nofp/libg_nano.a(libc_a-memset.o)

.debug_str      0x00000000    0x7b867
 .debug_str     0x00000000    0x7b867 CMakeFiles/Kamikazii.dir/Core/Src/main.c.obj
                              0x7aa9c (size before relaxing)
 .debug_str     0x0007b867    0x7a99e CMakeFiles/Kamikazii.dir/Core/Src/stm32f1xx_it.c.obj
 .debug_str     0x0007b867    0x7a97e CMakeFiles/Kamikazii.dir/Core/Src/stm32f1xx_hal_msp.c.obj
 .debug_str     0x0007b867       0xb0 CMakeFiles/Kamikazii.dir/startup_stm32f103xb.s.obj
 .debug_str     0x0007b867    0x7a9b1 cmake/stm32cubemx/CMakeFiles/STM32_Drivers.dir/__/__/Core/Src/system_stm32f1xx.c.obj
 .debug_str     0x0007b867    0x7b0ee cmake/stm32cubemx/CMakeFiles/STM32_Drivers.dir/__/__/Drivers/STM32F1xx_HAL_Driver/Src/stm32f1xx_hal.c.obj
 .debug_str     0x0007b867    0x7add5 cmake/stm32cubemx/CMakeFiles/STM32_Drivers.dir/__/__/Drivers/STM32F1xx_HAL_Driver/Src/stm32f1xx_hal_rcc.c.obj
 .debug_str     0x0007b867    0x7b026 cmake/stm32cubemx/CMakeFiles/STM32_Drivers.dir/__/__/Drivers/STM32F1xx_HAL_Driver/Src/stm32f1xx_hal_cortex.c.obj
 .debug_str     0x0007b867      0x1f2 /usr/lib/gcc/arm-none-eabi/13.2.1/../../../arm-none-eabi/lib/thumb/v7-m/nofp/libg_nano.a(libc_a-init.o)
 .debug_str     0x0007b867      0x1a5 /usr/lib/gcc/arm-none-eabi/13.2.1/../../../arm-none-eabi/lib/thumb/v7-m/nofp/libg_nano.a(libc_a-memset.o)

.debug_frame    0x00000000      0xbc8
 .debug_frame   0x00000000       0x68 CMakeFiles/Kamikazii.dir/Core/Src/main.c.obj
 .debug_frame   0x00000068      0x104 CMakeFiles/Kamikazii.dir/Core/Src/stm32f1xx_it.c.obj
 .debug_frame   0x0000016c       0x38 CMakeFiles/Kamikazii.dir/Core/Src/stm32f1xx_hal_msp.c.obj
 .debug_frame   0x000001a4       0x58 cmake/stm32cubemx/CMakeFiles/STM32_Drivers.dir/__/__/Core/Src/system_stm32f1xx.c.obj
 .debug_frame   0x000001fc      0x334 cmake/stm32cubemx/CMakeFiles/STM32_Drivers.dir/__/__/Drivers/STM32F1xx_HAL_Driver/Src/stm32f1xx_hal.c.obj
 .debug_frame   0x00000530      0x218 cmake/stm32cubemx/CMakeFiles/STM32_Drivers.dir/__/__/Drivers/STM32F1xx_HAL_Driver/Src/stm32f1xx_hal_rcc.c.obj
 .debug_frame   0x00000748      0x428 cmake/stm32cubemx/CMakeFiles/STM32_Drivers.dir/__/__/Drivers/STM32F1xx_HAL_Driver/Src/stm32f1xx_hal_cortex.c.obj
 .debug_frame   0x00000b70       0x2c /usr/lib/gcc/arm-none-eabi/13.2.1/../../../arm-none-eabi/lib/thumb/v7-m/nofp/libg_nano.a(libc_a-init.o)
 .debug_frame   0x00000b9c       0x2c /usr/lib/gcc/arm-none-eabi/13.2.1/../../../arm-none-eabi/lib/thumb/v7-m/nofp/libg_nano.a(libc_a-memset.o)

.debug_line_str
                0x00000000       0x96
 .debug_line_str
                0x00000000       0x96 CMakeFiles/Kamikazii.dir/startup_stm32f103xb.s.obj

.debug_loclists
                0x00000000      0x23c
 .debug_loclists
                0x00000000       0x65 /usr/lib/gcc/arm-none-eabi/13.2.1/../../../arm-none-eabi/lib/thumb/v7-m/nofp/libg_nano.a(libc_a-init.o)
 .debug_loclists
                0x00000065      0x1d7 /usr/lib/gcc/arm-none-eabi/13.2.1/../../../arm-none-eabi/lib/thumb/v7-m/nofp/libg_nano.a(libc_a-memset.o)
